/home/alexis/miniconda3/envs/quast_env/opt/quast-5.0.2/quast.py --threads 8 --contig-thresholds 1000,1200,1679,2500,5000,10000,25000 /home/alexis/Stage_Copenhague/assembly/sample_12/sample_12_contigs_fixed.fa -o /home/alexis/Stage_Copenhague/assembly/sample_12/metaquast_results --labels sample_12_contigs_fixed

Version: 5.0.2

System information:
  OS: Linux-5.15.0-126-generic-x86_64-with-debian-bookworm-sid (linux_64)
  Python version: 3.6.13
  CPUs number: 144

Started: 2025-07-21 08:31:34

Logging to /home/alexis/Stage_Copenhague/assembly/sample_12/metaquast_results/quast.log
NOTICE: Output directory already exists and looks like a QUAST output dir. Existing results can be reused (e.g. previously generated alignments)!

CWD: /home/alexis
Main parameters: 
  MODE: meta, threads: 8, minimum contig length: 500, minimum alignment length: 65, ambiguity: one, \
  threshold for extensive misassembly size: 1000

Contigs:
  Pre-processing...
  /home/alexis/Stage_Copenhague/assembly/sample_12/sample_12_contigs_fixed.fa ==> sample_12_contigs_fixed

2025-07-21 08:31:35
Running Basic statistics processor...
  Contig files: 
    sample_12_contigs_fixed
  Calculating N50 and L50...
    sample_12_contigs_fixed, N50 = 1649, L50 = 3171, Total length = 21600632, GC % = 60.00, # N's per 100 kbp =  0.00
  Drawing Nx plot...
    saved to /home/alexis/Stage_Copenhague/assembly/sample_12/metaquast_results/basic_stats/Nx_plot.pdf
  Drawing cumulative plot...
    saved to /home/alexis/Stage_Copenhague/assembly/sample_12/metaquast_results/basic_stats/cumulative_plot.pdf
  Drawing GC content plot...
    saved to /home/alexis/Stage_Copenhague/assembly/sample_12/metaquast_results/basic_stats/GC_content_plot.pdf
  Drawing sample_12_contigs_fixed GC content plot...
    saved to /home/alexis/Stage_Copenhague/assembly/sample_12/metaquast_results/basic_stats/sample_12_contigs_fixed_GC_content_plot.pdf
Done.

NOTICE: Genes are not predicted by default. Use --gene-finding or --glimmer option to enable it.

2025-07-21 08:31:36
Creating large visual summaries...
This may take a while: press Ctrl-C to skip this step..
  1 of 2: Creating Icarus viewers...
  2 of 2: Creating PDF with all tables and plots...
Done

2025-07-21 08:31:37
RESULTS:
  Text versions of total report are saved to /home/alexis/Stage_Copenhague/assembly/sample_12/metaquast_results/report.txt, report.tsv, and report.tex
  Text versions of transposed total report are saved to /home/alexis/Stage_Copenhague/assembly/sample_12/metaquast_results/transposed_report.txt, transposed_report.tsv, and transposed_report.tex
  HTML version (interactive tables and plots) is saved to /home/alexis/Stage_Copenhague/assembly/sample_12/metaquast_results/report.html
  PDF version (tables and plots) is saved to /home/alexis/Stage_Copenhague/assembly/sample_12/metaquast_results/report.pdf
  Icarus (contig browser) is saved to /home/alexis/Stage_Copenhague/assembly/sample_12/metaquast_results/icarus.html
  Log is saved to /home/alexis/Stage_Copenhague/assembly/sample_12/metaquast_results/quast.log

Finished: 2025-07-21 08:31:37
Elapsed time: 0:00:03.491567
NOTICEs: 2; WARNINGs: 1; non-fatal ERRORs: 0

Thank you for using QUAST!
