[2025-05-20 15:22:09,601] multiqc                                            [DEBUG  ]  This is MultiQC v1.19
[2025-05-20 15:22:09,602] multiqc                                            [DEBUG  ]  Command used: /home/alexis/miniconda3/envs/shotgun_env/bin/multiqc . -o /home/alexis/Stage_Copenhague/fastqc_results/multiqc_report
[2025-05-20 15:22:09,899] multiqc                                            [WARNING]  MultiQC Version v1.28 now available!
[2025-05-20 15:22:09,900] multiqc                                            [DEBUG  ]  Working dir : /home/alexis/Stage_Copenhague/fastqc_results
[2025-05-20 15:22:09,900] multiqc                                            [DEBUG  ]  Template    : default
[2025-05-20 15:22:09,900] multiqc                                            [DEBUG  ]  Running Python 3.9.22 | packaged by conda-forge | (main, Apr 14 2025, 23:35:59)  [GCC 13.3.0]
[2025-05-20 15:22:09,901] multiqc                                            [DEBUG  ]  Analysing modules: custom_content, ccs, ngsderive, purple, conpair, lima, peddy, somalier, methylQA, mosdepth, phantompeakqualtools, qualimap, preseq, hifiasm, quast, qorts, rna_seqc, rockhopper, rsem, rseqc, busco, bustools, goleft_indexcov, gffcompare, disambiguate, supernova, deeptools, sargasso, verifybamid, mirtrace, happy, mirtop, sambamba, gopeaks, homer, hops, macs2, theta2, snpeff, gatk, htseq, bcftools, featureCounts, fgbio, dragen, dragen_fastqc, dedup, pbmarkdup, damageprofiler, mapdamage, biobambam2, jcvi, mtnucratio, picard, vep, bakta, prokka, qc3C, nanostat, samblaster, samtools, sexdeterrmine, seqera_cli, eigenstratdatabasetools, bamtools, jellyfish, vcftools, longranger, stacks, varscan2, snippy, umitools, truvari, bbmap, bismark, biscuit, diamond, hicexplorer, hicup, hicpro, salmon, kallisto, slamdunk, star, hisat2, tophat, bowtie2, bowtie1, cellranger, snpsplit, odgi, pangolin, nextclade, freyja, humid, kat, leehom, librarian, adapterRemoval, bbduk, clipandmerge, cutadapt, flexbar, sourmash, kaiju, bracken, kraken, malt, motus, trimmomatic, sickle, skewer, sortmerna, biobloomtools, fastq_screen, afterqc, fastp, fastqc, filtlong, prinseqplusplus, pychopper, porechop, pycoqc, minionqc, anglerfish, multivcfanalyzer, clusterflow, checkqc, bcl2fastq, bclconvert, interop, ivar, flash, seqyclean, optitype, whatshap, xenome, xengsort
[2025-05-20 15:22:09,901] multiqc                                            [DEBUG  ]  Using temporary directory for creating report: /tmp/tmpf26gihh9
[2025-05-20 15:22:09,902] multiqc                                            [INFO   ]  Search path : /home/alexis/Stage_Copenhague/fastqc_results
[2025-05-20 15:22:10,841] multiqc                                            [DEBUG  ]  Summary of files that were skipped by the search: [skipped_module_specific_max_filesize: 624] // [skipped_no_match: 48]
[2025-05-20 15:22:12,293] multiqc.plots.bargraph                             [DEBUG  ]  Using matplotlib version 3.9.4
[2025-05-20 15:22:12,293] multiqc.plots.linegraph                            [DEBUG  ]  Using matplotlib version 3.9.4
[2025-05-20 15:22:12,294] multiqc                                            [DEBUG  ]  No samples found: custom_content
[2025-05-20 15:22:16,438] multiqc.modules.fastqc.fastqc                      [INFO   ]  Found 48 reports
[2025-05-20 15:22:16,612] multiqc.utils.software_versions                    [DEBUG  ]  Reading software versions from config.software_versions
[2025-05-20 15:22:16,658] multiqc                                            [DEBUG  ]  Compressing plot data
[2025-05-20 15:22:17,275] multiqc                                            [INFO   ]  Report      : multiqc_report/multiqc_report.html
[2025-05-20 15:22:17,275] multiqc                                            [INFO   ]  Data        : multiqc_report/multiqc_data
[2025-05-20 15:22:17,275] multiqc                                            [DEBUG  ]  Moving data file from '/tmp/tmpf26gihh9/multiqc_data' to '/home/alexis/Stage_Copenhague/fastqc_results/multiqc_report/multiqc_data'
[2025-05-20 15:22:17,278] multiqc                                            [DEBUG  ]  Full report path: /home/alexis/Stage_Copenhague/fastqc_results/multiqc_report/multiqc_report.html
[2025-05-20 15:22:17,353] multiqc                                            [INFO   ]  MultiQC complete
