[2025-05-27 12:59:03,410] multiqc                                            [DEBUG  ]  This is MultiQC v1.19
[2025-05-27 12:59:03,410] multiqc                                            [DEBUG  ]  Command used: /home/alexis/miniconda3/envs/trim_env/bin/multiqc /home/alexis/Stage_Copenhague/trimming/fastqc_post_trim/sample_01_sixth_test/after_fastp -o /home/alexis/Stage_Copenhague/trimming/MultiQC_Post_Trimming/multiqc_post_trim_V6/after_fastp
[2025-05-27 12:59:03,483] multiqc                                            [DEBUG  ]  Could not connect to multiqc.info for version check: <urlopen error [SSL: CERTIFICATE_VERIFY_FAILED] certificate verify failed: unable to get local issuer certificate (_ssl.c:1147)>
[2025-05-27 12:59:03,483] multiqc                                            [DEBUG  ]  Working dir : /home/alexis
[2025-05-27 12:59:03,483] multiqc                                            [DEBUG  ]  Template    : default
[2025-05-27 12:59:03,483] multiqc                                            [DEBUG  ]  Running Python 3.9.22 | packaged by conda-forge | (main, Apr 14 2025, 23:35:59)  [GCC 13.3.0]
[2025-05-27 12:59:03,484] multiqc                                            [DEBUG  ]  Analysing modules: custom_content, ccs, ngsderive, purple, conpair, lima, peddy, somalier, methylQA, mosdepth, phantompeakqualtools, qualimap, preseq, hifiasm, quast, qorts, rna_seqc, rockhopper, rsem, rseqc, busco, bustools, goleft_indexcov, gffcompare, disambiguate, supernova, deeptools, sargasso, verifybamid, mirtrace, happy, mirtop, sambamba, gopeaks, homer, hops, macs2, theta2, snpeff, gatk, htseq, bcftools, featureCounts, fgbio, dragen, dragen_fastqc, dedup, pbmarkdup, damageprofiler, mapdamage, biobambam2, jcvi, mtnucratio, picard, vep, bakta, prokka, qc3C, nanostat, samblaster, samtools, sexdeterrmine, seqera_cli, eigenstratdatabasetools, bamtools, jellyfish, vcftools, longranger, stacks, varscan2, snippy, umitools, truvari, bbmap, bismark, biscuit, diamond, hicexplorer, hicup, hicpro, salmon, kallisto, slamdunk, star, hisat2, tophat, bowtie2, bowtie1, cellranger, snpsplit, odgi, pangolin, nextclade, freyja, humid, kat, leehom, librarian, adapterRemoval, bbduk, clipandmerge, cutadapt, flexbar, sourmash, kaiju, bracken, kraken, malt, motus, trimmomatic, sickle, skewer, sortmerna, biobloomtools, fastq_screen, afterqc, fastp, fastqc, filtlong, prinseqplusplus, pychopper, porechop, pycoqc, minionqc, anglerfish, multivcfanalyzer, clusterflow, checkqc, bcl2fastq, bclconvert, interop, ivar, flash, seqyclean, optitype, whatshap, xenome, xengsort
[2025-05-27 12:59:03,484] multiqc                                            [DEBUG  ]  Using temporary directory for creating report: /tmp/tmpoah4la2t
[2025-05-27 12:59:03,485] multiqc                                            [INFO   ]  Search path : /home/alexis/Stage_Copenhague/trimming/fastqc_post_trim/sample_01_sixth_test/after_fastp
[2025-05-27 12:59:03,586] multiqc                                            [DEBUG  ]  Summary of files that were skipped by the search: [skipped_module_specific_max_filesize: 52] // [skipped_no_match: 4]
[2025-05-27 12:59:03,924] multiqc.plots.bargraph                             [DEBUG  ]  Using matplotlib version 3.9.4
[2025-05-27 12:59:03,924] multiqc.plots.linegraph                            [DEBUG  ]  Using matplotlib version 3.9.4
[2025-05-27 12:59:03,925] multiqc                                            [DEBUG  ]  No samples found: custom_content
[2025-05-27 12:59:04,249] multiqc.modules.fastqc.fastqc                      [INFO   ]  Found 4 reports
[2025-05-27 12:59:04,273] multiqc.utils.software_versions                    [DEBUG  ]  Reading software versions from config.software_versions
[2025-05-27 12:59:04,278] multiqc                                            [DEBUG  ]  Compressing plot data
[2025-05-27 12:59:04,335] multiqc                                            [INFO   ]  Report      : Stage_Copenhague/trimming/MultiQC_Post_Trimming/multiqc_post_trim_V6/after_fastp/multiqc_report.html
[2025-05-27 12:59:04,336] multiqc                                            [INFO   ]  Data        : Stage_Copenhague/trimming/MultiQC_Post_Trimming/multiqc_post_trim_V6/after_fastp/multiqc_data
[2025-05-27 12:59:04,336] multiqc                                            [DEBUG  ]  Moving data file from '/tmp/tmpoah4la2t/multiqc_data' to '/home/alexis/Stage_Copenhague/trimming/MultiQC_Post_Trimming/multiqc_post_trim_V6/after_fastp/multiqc_data'
[2025-05-27 12:59:04,337] multiqc                                            [DEBUG  ]  Full report path: /home/alexis/Stage_Copenhague/trimming/MultiQC_Post_Trimming/multiqc_post_trim_V6/after_fastp/multiqc_report.html
[2025-05-27 12:59:04,412] multiqc                                            [INFO   ]  MultiQC complete
